// Jest Snapshot v1, https://goo.gl/fbAQLP

exports[`<Fade /> should render correctly 1`] = `<transition-stub name="fade"></transition-stub>`;
