// Jest Snapshot v1, https://goo.gl/fbAQLP

exports[`<Header /> should render correctly 1`] = `
<header class="header">
  <h1 class="header__title">parkoo</h1>
</header>
`;
