// Jest Snapshot v1, https://goo.gl/fbAQLP

exports[`<Loader /> should render correctly 1`] = `
<fade-stub>
  <div class="loader">
    <div class="loader__ball loader__ball--one"></div>
    <div class="loader__ball loader__ball--two"></div>
    <div class="loader__ball loader__ball--three"></div>
  </div>
</fade-stub>
`;
