// Jest Snapshot v1, https://goo.gl/fbAQLP

exports[`<Overlay /> should render correctly 1`] = `
<fade-stub>
  <div class="overlay">Hello world!</div>
</fade-stub>
`;
