// Jest Snapshot v1, https://goo.gl/fbAQLP

exports[`<UserCursor /> should render correctly 1`] = `<div class="user-cursor"></div>`;
