// Jest Snapshot v1, https://goo.gl/fbAQLP

exports[`<Loading /> should render correctly 1`] = `
<overlay-stub>
  <loader-stub></loader-stub>
</overlay-stub>
`;
