// Jest Snapshot v1, https://goo.gl/fbAQLP

exports[`<Map /> should render correctly 1`] = `<div id="map" style="width: 100%; height: 100vh;"></div>`;
