// Jest Snapshot v1, https://goo.gl/fbAQLP

exports[`<TryAgainModal /> should render correctly 1`] = `<modal-stub>Hello world! <button class="button button--secondary">Try again</button></modal-stub>`;
