// Jest Snapshot v1, https://goo.gl/fbAQLP

exports[`<Geolocation /> should render correctly 1`] = `<geolocationerrormodal-stub></geolocationerrormodal-stub>`;
